Microchip MPLAB XC8 Compiler V2.35

Linker command line:

-W-3 --edf=C:\Program Files\Microchip\xc8\v2.35\pic\dat\en_msgs.txt -cn \
  -h+dist/default/production\mini-proj-hankee0513.X.production.sym \
  --cmf=dist/default/production\mini-proj-hankee0513.X.production.cmf -z \
  -Q18F67K40 -oC:\Users\hanke\AppData\Local\Temp\xcAsgpk.6 \
  --defsym=__MPLAB_BUILD=1 \
  -Mdist/default/production/mini-proj-hankee0513.X.production.map \
  --md=C:\Users\hanke\AppData\Local\Temp\xcCsgpk.dat -E1 -ver=XC8 Compiler \
  --acfsm=1493 -ACODE=00h-01FFFFh -ACONST=00h-01FFFFh \
  -ASMALLCONST=0E00h-0EFFhx498 -AMEDIUMCONST=0E00h-0FFFFh,010E00h-01FFFFh \
  -ACOMRAM=01h-05Fh -AABS1=00h-0DE9h -ABIGRAM=01h-0DE9h \
  -ARAM=060h-0FFh,0100h-01FFhx12,0D00h-0DE9h -ABANK0=060h-0FFh \
  -ABANK1=0100h-01FFh -ABANK2=0200h-02FFh -ABANK3=0300h-03FFh \
  -ABANK4=0400h-04FFh -ABANK5=0500h-05FFh -ABANK6=0600h-06FFh \
  -ABANK7=0700h-07FFh -ABANK8=0800h-08FFh -ABANK9=0900h-09FFh \
  -ABANK10=0A00h-0AFFh -ABANK11=0B00h-0BFFh -ABANK12=0C00h-0CFFh \
  -ABANK13=0D00h-0DE9h \
  -ASFR=0DEFh-0DFFh,0E00h-0EFFh,0F00h-0F5Fh,0F60h-0FFFh \
  -ABIGSFR=0DEFh-0FFFh -ACONFIG=0300000h-030000Bh -AIDLOC=0200000h-020000Fh \
  -AEEDATA=0310000h-03103FFh -peeprom_data=EEDATA \
  -preset_vec=00h,intcode=08h,intcodelo,powerup,init -pramtop=0E00h \
  -psmallconst=SMALLCONST -pmediumconst=MEDIUMCONST -pconst=CONST \
  -AFARRAM=00h-00h \
  -prdata=COMRAM,nvrram=COMRAM,nvbit=COMRAM,rbss=COMRAM,rbit=COMRAM \
  -pfarbss=FARRAM,fardata=FARRAM,nvFARRAM=FARRAM \
  -pintsave_regs=BIGRAM,bigbss=BIGRAM,bigdata=BIGRAM -pbss=RAM \
  -pidata=CODE,irdata=CODE,ibigdata=CODE,ifardata=CODE -prparam=COMRAM \
  C:\Users\hanke\AppData\Local\Temp\xcAsgpk.o \
  dist/default/production\mini-proj-hankee0513.X.production.o 

Object code version is 3.11

Machine type is 18F67K40



                Name                               Link     Load   Length Selector   Space Scale
C:\Users\hanke\AppData\Local\Temp\xcAsgpk.o
                idloc                            200000   200000       10        0       5
                config                           300000   300000        C        0       4
                init                                 46       46        4        4       0
                reset_vec                             0        0        4        0       0
dist/default/production\mini-proj-hankee0513.X.production.o
                intcode                               8        8       3E        4       0
                idloc                            200000   200000       10        0       5
                config                           300000   300000        C        0       4
                temp                                 5D       5D        1        1       1
                smallconst                          E00      E00       26      700       0
                text35                             2782     2782       14      713       0
                text34                             26B4     26B4       24      713       0
                text33                             2796     2796        C      713       0
                text32                             276C     276C       16      713       0
                text31                             228E     228E       68      713       0
                text30                             265E     265E       30      713       0
                text29                             2188     2188       96      713       0
                text28                             262A     262A       34      713       0
                text27                             2582     2582       3A      713       0
                text26                             268E     268E       26      713       0
                text25                             25BC     25BC       38      713       0
                text24                             2464     2464       52      713       0
                text23                             1ADC     1ADC      16A      713       0
                text22                             1954     1954      188      713       0
                text21                             1C46     1C46      164      713       0
                text20                             2542     2542       40      713       0
                text19                             27A2     27A2        2      713       0
                text18                             1E78     1E78       CA      713       0
                text17                             24FE     24FE       44      713       0
                text16                             25F4     25F4       36      713       0
                text15                             2006     2006       C2      713       0
                text14                             1674     1674      2E0      713       0
                text13                             1302     1302      372      713       0
                text12                             22F6     22F6       66      713       0
                text11                             2412     2412       52      713       0
                text10                             1DAA     1DAA       CE      713       0
                text9                              273A     273A       1A      713       0
                text8                              23C0     23C0       52      713       0
                text7                              271A     271A       20      713       0
                text6                              26D8     26D8       22      713       0
                text5                              221E     221E       70      713       0
                text4                              26FA     26FA       20      713       0
                text3                              235C     235C       64      713       0
                text2                              1F42     1F42       C4      713       0
                text1                              20C8     20C8       C0      713       0
                text0                               E26      E26      4DC      713       0
                cstackCOMRAM                          1        1       5A        1       1
                cstackBANK0                          60       60       7D       60       1
                bssBANK1                            100      100       20      100       1
                dataBANK0                            DD       DD       18       60       1
                bssBANK0                             F5       F5        6       60       1
                bssCOMRAM                            5B       5B        2        1       1
                cinit                              24B6     24B6       48      713       0
                idataBANK0                         2754     2754       18      713       0

TOTAL           Name                               Link     Load   Length     Space
        CLASS   CODE           
                intcode                               8        8       3E         0
                init                                 46       46        4         0
                reset_vec                             0        0        4         0
                text35                             2782     2782       14         0
                text34                             26B4     26B4       24         0
                text33                             2796     2796        C         0
                text32                             276C     276C       16         0
                text31                             228E     228E       68         0
                text30                             265E     265E       30         0
                text29                             2188     2188       96         0
                text28                             262A     262A       34         0
                text27                             2582     2582       3A         0
                text26                             268E     268E       26         0
                text25                             25BC     25BC       38         0
                text24                             2464     2464       52         0
                text23                             1ADC     1ADC      16A         0
                text22                             1954     1954      188         0
                text21                             1C46     1C46      164         0
                text20                             2542     2542       40         0
                text19                             27A2     27A2        2         0
                text18                             1E78     1E78       CA         0
                text17                             24FE     24FE       44         0
                text16                             25F4     25F4       36         0
                text15                             2006     2006       C2         0
                text14                             1674     1674      2E0         0
                text13                             1302     1302      372         0
                text12                             22F6     22F6       66         0
                text11                             2412     2412       52         0
                text10                             1DAA     1DAA       CE         0
                text9                              273A     273A       1A         0
                text8                              23C0     23C0       52         0
                text7                              271A     271A       20         0
                text6                              26D8     26D8       22         0
                text5                              221E     221E       70         0
                text4                              26FA     26FA       20         0
                text3                              235C     235C       64         0
                text2                              1F42     1F42       C4         0
                text1                              20C8     20C8       C0         0
                text0                               E26      E26      4DC         0
                cinit                              24B6     24B6       48         0
                idataBANK0                         2754     2754       18         0

        CLASS   CONST          

        CLASS   SMALLCONST     
                smallconst                          E00      E00       26         0

        CLASS   MEDIUMCONST    

        CLASS   COMRAM         
                temp                                 5D       5D        1         1
                cstackCOMRAM                          1        1       5A         1
                bssCOMRAM                            5B       5B        2         1

        CLASS   ABS1           

        CLASS   BIGRAM         

        CLASS   RAM            

        CLASS   BANK0          
                cstackBANK0                          60       60       7D         1
                dataBANK0                            DD       DD       18         1
                bssBANK0                             F5       F5        6         1

        CLASS   BANK1          
                bssBANK1                            100      100       20         1

        CLASS   BANK2          

        CLASS   BANK3          

        CLASS   BANK4          

        CLASS   BANK5          

        CLASS   BANK6          

        CLASS   BANK7          

        CLASS   BANK8          

        CLASS   BANK9          

        CLASS   BANK10         

        CLASS   BANK11         

        CLASS   BANK12         

        CLASS   BANK13         

        CLASS   SFR            

        CLASS   BIGSFR         

        CLASS   CONFIG         
                config                           300000   300000        C         4

        CLASS   IDLOC          
                idloc                            200000   200000       10         5

        CLASS   EEDATA         

        CLASS   FARRAM         

        CLASS   HEAP           

        CLASS   STACK          



SEGMENTS        Name                           Load    Length   Top    Selector   Space  Class

                reset_vec                      000000  000004  000004         0       0  CODE    
                cstackCOMRAM                   000001  00005D  00005E         1       1  COMRAM  
                intcode                        000008  000042  00004A         4       0  CODE    
                cstackBANK0                    000060  00009B  0000FB        60       1  BANK0   
                bssBANK1                       000100  000020  000120       100       1  BANK1   
                smallconst                     000E00  000026  000E26       700       0  SMALLCON
                text0                          000E26  00197E  0027A4       713       0  CODE    


UNUSED ADDRESS RANGES

        Name                Unused          Largest block    Delta
        BANK0            0000FB-0000FF                5
        BANK1            000120-0001FF               E0
        BANK10           000A00-000AFF              100
        BANK11           000B00-000BFF              100
        BANK12           000C00-000CFF              100
        BANK13           000D00-000DE9               EA
        BANK2            000200-0002FF              100
        BANK3            000300-0003FF              100
        BANK4            000400-0004FF              100
        BANK5            000500-0005FF              100
        BANK6            000600-0006FF              100
        BANK7            000700-0007FF              100
        BANK8            000800-0008FF              100
        BANK9            000900-0009FF              100
        BIGRAM           00005E-00005F                2
                         0000FB-0000FF                5
                         000120-000DE9              CCA
        BIGSFR           000DEF-000FFF              211
        CODE             000004-000007                4
                         00004A-000DFF              DB6
                         0027A4-01FFFF            1D85C
        COMRAM           00005E-00005F                2
        CONST            000004-000007                4
                         00004A-000DFF              DB6
                         0027A4-01FFFF            1D85C
        EEDATA           310000-3103FF              400
        MEDIUMCONST      0027A4-00FFFF             D85C
                         010E00-01FFFF             F200
        RAM              0000FB-0000FF                5
                         000120-000DE9              100
        SFR              000DEF-000FFF              100
        SMALLCONST       0027A4-01FFFF              100

                                  Symbol Table

?_LDR_val                  cstackCOMRAM 000002
?___aodiv                  cstackCOMRAM 000002
?___aomod                  cstackCOMRAM 000002
?___awdiv                  cstackCOMRAM 000002
?___lwmod                  cstackCOMRAM 000002
?___wmul                   cstackCOMRAM 000002
?_abs                      cstackCOMRAM 000014
?_atoi                     cstackCOMRAM 000009
?_dtoa                     cstackCOMRAM 00001D
?_isdigit                  cstackCOMRAM 000002
?_isspace                  cstackCOMRAM 000002
?_pad                      cstackCOMRAM 000012
?_sprintf                  cstackBANK0  000062
?_strlen                   cstackCOMRAM 000002
?_vfpfcnvrt                cstackCOMRAM 000041
?_vfprintf                 cstackCOMRAM 000055
LCD_sendbyte@Byte          cstackCOMRAM 000006
LCD_sendbyte@HB            cstackCOMRAM 000004
LCD_sendbyte@LB            cstackCOMRAM 000005
LCD_sendbyte@type          cstackCOMRAM 000003
LCD_sendnibble@number      cstackCOMRAM 000002
LCD_sendstring@string      cstackCOMRAM 000007
LCD_setline@line           cstackCOMRAM 000007
LCD_setlines@cBST          cstackBANK0  000082
LCD_setlines@cd            cstackBANK0  00007E
LCD_setlines@ch            cstackBANK0  00007B
LCD_setlines@cm            cstackBANK0  00007F
LCD_setlines@cmin          cstackBANK0  00007C
LCD_setlines@cname         cstackBANK0  0000AD
LCD_setlines@cs            cstackBANK0  00007D
LCD_setlines@cy            cstackBANK0  000080
LCD_setlines@line1         cstackBANK0  000085
LCD_setlines@line2         cstackBANK0  000099
LDR_thres@hour             cstackCOMRAM 000006
LDR_thres@val              cstackCOMRAM 000007
LDR_val@temp               cstackCOMRAM 000004
LEDarray_disp_bin@number   cstackCOMRAM 000002
_ADCON0bits                (abs)        000F60
_ADPCH                     (abs)        000F5F
_ADREFbits                 (abs)        000F58
_ADRESH                    (abs)        000F64
_ANSELAbits                (abs)        000E92
_CM1CON0bits               (abs)        000ED0
_CM1CON1bits               (abs)        000ED1
_CM1NCHbits                (abs)        000ED2
_CM1PCHbits                (abs)        000ED3
_Comp1_init                text34       0026B4
_DAC1CON0bits              (abs)        000EC6
_DAC1CON1bits              (abs)        000EC7
_DAC_init                  text35       002782
_HighISR                   intcode      000008
_INTCONbits                (abs)        000FF2
_Interrupts_init           text33       002796
_LATAbits                  (abs)        000F79
_LATBbits                  (abs)        000F7A
_LATCbits                  (abs)        000F7B
_LATDbits                  (abs)        000F7C
_LATEbits                  (abs)        000F7D
_LATFbits                  (abs)        000F7E
_LATGbits                  (abs)        000F7F
_LATHbits                  (abs)        000F80
_LCD_E_TOG                 text32       00276C
_LCD_Init                  text29       002188
_LCD_sendbyte              text30       00265E
_LCD_sendnibble            text31       00228E
_LCD_sendstring            text28       00262A
_LCD_setline               text27       002582
_LCD_setlines              text10       001DAA
_LDR_init                  text9        00273A
_LDR_thres                 text8        0023C0
_LDR_val                   text7        00271A
_LED_init                  text6        0026D8
_LEDarray_disp_bin         text5        00221E
_PIE0bits                  (abs)        000E29
_PIR0bits                  (abs)        000E33
_T0CON0bits                (abs)        000FD5
_T0CON1bits                (abs)        000FD6
_TMR0H                     (abs)        000FD4
_TMR0L                     (abs)        000FD3
_TRISAbits                 (abs)        000F81
_TRISBbits                 (abs)        000F82
_TRISCbits                 (abs)        000F83
_TRISDbits                 (abs)        000F84
_TRISEbits                 (abs)        000F85
_TRISFbits                 (abs)        000F86
_TRISGbits                 (abs)        000F87
_TRISHbits                 (abs)        000F88
_Timer0_init               text4        0026FA
__HRAM                     (abs)        000000
__Habs1                    abs1         000000
__Hbank0                   bank0        000000
__Hbank1                   bank1        000000
__Hbank10                  bank10       000000
__Hbank11                  bank11       000000
__Hbank12                  bank12       000000
__Hbank13                  bank13       000000
__Hbank2                   bank2        000000
__Hbank3                   bank3        000000
__Hbank4                   bank4        000000
__Hbank5                   bank5        000000
__Hbank6                   bank6        000000
__Hbank7                   bank7        000000
__Hbank8                   bank8        000000
__Hbank9                   bank9        000000
__Hbigbss                  bigbss       000000
__Hbigdata                 bigdata      000000
__Hbigram                  bigram       000000
__Hbigsfr                  bigsfr       000000
__Hbss                     bss          000000
__HbssBANK0                bssBANK0     000000
__HbssBANK1                bssBANK1     000000
__HbssCOMRAM               bssCOMRAM    000000
__Hcinit                   cinit        000000
__Hclrtext                 clrtext      000000
__Hcomram                  comram       000000
__Hconfig                  config       30000C
__Hconst                   const        000000
__HcstackBANK0             cstackBANK0  000000
__HcstackCOMRAM            cstackCOMRAM 000000
__Hdata                    data         000000
__HdataBANK0               dataBANK0    000000
__Heeprom_data             eeprom_data  000000
__Hfarbss                  farbss       000000
__Hfardata                 fardata      000000
__Hheap                    heap         000000
__Hibigdata                ibigdata     000000
__Hidata                   idata        000000
__HidataBANK0              idataBANK0   000000
__Hidloc                   idloc        200010
__Hifardata                ifardata     000000
__Hinit                    init         00004A
__Hintcode                 intcode      000046
__Hintcode_body            intcode_body 000000
__Hintcodelo               intcodelo    000046
__Hintentry                intentry     000000
__Hintret                  intret       000000
__Hintsave_regs            intsave_regs 000000
__Hirdata                  irdata       000000
__Hmediumconst             mediumconst  000000
__HnvFARRAM                nvFARRAM     000000
__Hnvbit                   nvbit        000000
__Hnvrram                  nvrram       000000
__Hparam                   rparam       000000
__Hpowerup                 powerup      000046
__Hram                     ram          000000
__Hramtop                  ramtop       000E00
__Hrbit                    rbit         000000
__Hrbss                    rbss         000000
__Hrdata                   rdata        000000
__Hreset_vec               reset_vec    000004
__Hrparam                  rparam       000000
__Hsfr                     sfr          000000
__Hsmallconst              smallconst   000E26
__Hspace_0                 (abs)        0027A4
__Hspace_1                 (abs)        000120
__Hspace_2                 (abs)        000000
__Hspace_4                 (abs)        60000C
__Hstack                   stack        000000
__Hstruct                  struct       000000
__Htemp                    temp         00005E
__Htext                    text         000000
__Htext0                   text0        000000
__Htext1                   text1        000000
__Htext10                  text10       000000
__Htext11                  text11       000000
__Htext12                  text12       000000
__Htext13                  text13       000000
__Htext14                  text14       000000
__Htext15                  text15       000000
__Htext16                  text16       000000
__Htext17                  text17       000000
__Htext18                  text18       000000
__Htext19                  text19       000000
__Htext2                   text2        000000
__Htext20                  text20       000000
__Htext21                  text21       000000
__Htext22                  text22       000000
__Htext23                  text23       000000
__Htext24                  text24       000000
__Htext25                  text25       000000
__Htext26                  text26       000000
__Htext27                  text27       000000
__Htext28                  text28       000000
__Htext29                  text29       000000
__Htext3                   text3        000000
__Htext30                  text30       000000
__Htext31                  text31       000000
__Htext32                  text32       000000
__Htext33                  text33       000000
__Htext34                  text34       000000
__Htext35                  text35       000000
__Htext4                   text4        000000
__Htext5                   text5        000000
__Htext6                   text6        000000
__Htext7                   text7        000000
__Htext8                   text8        000000
__Htext9                   text9        000000
__LRAM                     (abs)        000001
__Labs1                    abs1         000000
__Lbank0                   bank0        000000
__Lbank1                   bank1        000000
__Lbank10                  bank10       000000
__Lbank11                  bank11       000000
__Lbank12                  bank12       000000
__Lbank13                  bank13       000000
__Lbank2                   bank2        000000
__Lbank3                   bank3        000000
__Lbank4                   bank4        000000
__Lbank5                   bank5        000000
__Lbank6                   bank6        000000
__Lbank7                   bank7        000000
__Lbank8                   bank8        000000
__Lbank9                   bank9        000000
__Lbigbss                  bigbss       000000
__Lbigdata                 bigdata      000000
__Lbigram                  bigram       000000
__Lbigsfr                  bigsfr       000000
__Lbss                     bss          000000
__LbssBANK0                bssBANK0     000000
__LbssBANK1                bssBANK1     000000
__LbssCOMRAM               bssCOMRAM    000000
__Lcinit                   cinit        000000
__Lclrtext                 clrtext      000000
__Lcomram                  comram       000000
__Lconfig                  config       000000
__Lconst                   const        000000
__LcstackBANK0             cstackBANK0  000000
__LcstackCOMRAM            cstackCOMRAM 000000
__Ldata                    data         000000
__LdataBANK0               dataBANK0    000000
__Leeprom_data             eeprom_data  000000
__Lfarbss                  farbss       000000
__Lfardata                 fardata      000000
__Lheap                    heap         000000
__Libigdata                ibigdata     000000
__Lidata                   idata        000000
__LidataBANK0              idataBANK0   000000
__Lidloc                   idloc        000000
__Lifardata                ifardata     000000
__Linit                    init         000046
__Lintcode                 intcode      000008
__Lintcode_body            intcode_body 000000
__Lintcodelo               intcodelo    000046
__Lintentry                intentry     000000
__Lintret                  intret       000000
__Lintsave_regs            intsave_regs 000000
__Lirdata                  irdata       000000
__Lmediumconst             mediumconst  000000
__LnvFARRAM                nvFARRAM     000000
__Lnvbit                   nvbit        000000
__Lnvrram                  nvrram       000000
__Lparam                   rparam       000000
__Lpowerup                 powerup      000046
__Lram                     ram          000000
__Lramtop                  ramtop       000E00
__Lrbit                    rbit         000000
__Lrbss                    rbss         000000
__Lrdata                   rdata        000000
__Lreset_vec               reset_vec    000000
__Lrparam                  rparam       000000
__Lsfr                     sfr          000000
__Lsmallconst              smallconst   000E00
__Lspace_0                 (abs)        000000
__Lspace_1                 (abs)        000000
__Lspace_2                 (abs)        000000
__Lspace_4                 (abs)        000000
__Lstack                   stack        000000
__Lstruct                  struct       000000
__Ltemp                    temp         00005D
__Ltext                    text         000000
__Ltext0                   text0        000000
__Ltext1                   text1        000000
__Ltext10                  text10       000000
__Ltext11                  text11       000000
__Ltext12                  text12       000000
__Ltext13                  text13       000000
__Ltext14                  text14       000000
__Ltext15                  text15       000000
__Ltext16                  text16       000000
__Ltext17                  text17       000000
__Ltext18                  text18       000000
__Ltext19                  text19       000000
__Ltext2                   text2        000000
__Ltext20                  text20       000000
__Ltext21                  text21       000000
__Ltext22                  text22       000000
__Ltext23                  text23       000000
__Ltext24                  text24       000000
__Ltext25                  text25       000000
__Ltext26                  text26       000000
__Ltext27                  text27       000000
__Ltext28                  text28       000000
__Ltext29                  text29       000000
__Ltext3                   text3        000000
__Ltext30                  text30       000000
__Ltext31                  text31       000000
__Ltext32                  text32       000000
__Ltext33                  text33       000000
__Ltext34                  text34       000000
__Ltext35                  text35       000000
__Ltext4                   text4        000000
__Ltext5                   text5        000000
__Ltext6                   text6        000000
__Ltext7                   text7        000000
__Ltext8                   text8        000000
__Ltext9                   text9        000000
__S0                       (abs)        0027A4
__S1                       (abs)        000120
__S4                       (abs)        000000
__S5                       (abs)        000000
___aodiv                   text22       001954
___aodiv@counter           cstackCOMRAM 000012
___aodiv@dividend          cstackCOMRAM 000002
___aodiv@divisor           cstackCOMRAM 00000A
___aodiv@quotient          cstackCOMRAM 000014
___aodiv@sign              cstackCOMRAM 000013
___aomod                   text21       001C46
___aomod@counter           cstackCOMRAM 000012
___aomod@dividend          cstackCOMRAM 000002
___aomod@divisor           cstackCOMRAM 00000A
___aomod@sign              cstackCOMRAM 000013
___awdiv                   text2        001F42
___awdiv@counter           cstackCOMRAM 000006
___awdiv@dividend          cstackCOMRAM 000002
___awdiv@divisor           cstackCOMRAM 000004
___awdiv@quotient          cstackCOMRAM 000008
___awdiv@sign              cstackCOMRAM 000007
___heap_hi                 (abs)        000000
___heap_lo                 (abs)        000000
___inthi_sp                stack        000000
___intlo_sp                stack        000000
___lwmod                   text3        00235C
___lwmod@counter           cstackCOMRAM 000006
___lwmod@dividend          cstackCOMRAM 000002
___lwmod@divisor           cstackCOMRAM 000004
___param_bank              (abs)        000000
___rparam_used             (abs)        000001
___sp                      stack        000000
___wmul                    text26       00268E
___wmul@multiplicand       cstackCOMRAM 000004
___wmul@multiplier         cstackCOMRAM 000002
___wmul@product            cstackCOMRAM 000006
__accesstop                (abs)        000060
__activetblptr             (abs)        000003
__end_of_Comp1_init        text34       0026D8
__end_of_DAC_init          text35       002796
__end_of_HighISR           intcode      000046
__end_of_Interrupts_init   text33       0027A2
__end_of_LCD_E_TOG         text32       002782
__end_of_LCD_Init          text29       00221E
__end_of_LCD_sendbyte      text30       00268E
__end_of_LCD_sendnibble    text31       0022F6
__end_of_LCD_sendstring    text28       00265E
__end_of_LCD_setline       text27       0025BC
__end_of_LCD_setlines      text10       001E78
__end_of_LDR_init          text9        002754
__end_of_LDR_thres         text8        002412
__end_of_LDR_val           text7        00273A
__end_of_LED_init          text6        0026FA
__end_of_LEDarray_disp_bin text5        00228E
__end_of_Timer0_init       text4        00271A
__end_of___aodiv           text22       001ADC
__end_of___aomod           text21       001DAA
__end_of___awdiv           text2        002006
__end_of___lwmod           text3        0023C0
__end_of___wmul            text26       0026B4
__end_of__initialization   cinit        0024F4
__end_of_abs               text20       002582
__end_of_atoi              text23       001C46
__end_of_daylight_save     text1        002188
__end_of_dtoa              text14       001954
__end_of_fputc             text18       001F42
__end_of_fputs             text17       002542
__end_of_isdigit           text25       0025F4
__end_of_isspace           text24       0024B6
__end_of_main              text0        001302
__end_of_pad               text15       0020C8
__end_of_putch             text19       0027A4
__end_of_sprintf           text11       002464
__end_of_strlen            text16       00262A
__end_of_vfpfcnvrt         text13       001674
__end_of_vfprintf          text12       00235C
__initialization           cinit        0024B6
__mediumconst              mediumconst  000000
__pbssBANK0                bssBANK0     0000F5
__pbssBANK1                bssBANK1     000100
__pbssCOMRAM               bssCOMRAM    00005B
__pcinit                   cinit        0024B6
__pcstackBANK0             cstackBANK0  000060
__pcstackCOMRAM            cstackCOMRAM 000001
__pdataBANK0               dataBANK0    0000DD
__pidataBANK0              idataBANK0   002754
__pintcode                 intcode      000008
__psmallconst              smallconst   000E00
__ptext0                   text0        000E26
__ptext1                   text1        0020C8
__ptext10                  text10       001DAA
__ptext11                  text11       002412
__ptext12                  text12       0022F6
__ptext13                  text13       001302
__ptext14                  text14       001674
__ptext15                  text15       002006
__ptext16                  text16       0025F4
__ptext17                  text17       0024FE
__ptext18                  text18       001E78
__ptext19                  text19       0027A2
__ptext2                   text2        001F42
__ptext20                  text20       002542
__ptext21                  text21       001C46
__ptext22                  text22       001954
__ptext23                  text23       001ADC
__ptext24                  text24       002464
__ptext25                  text25       0025BC
__ptext26                  text26       00268E
__ptext27                  text27       002582
__ptext28                  text28       00262A
__ptext29                  text29       002188
__ptext3                   text3        00235C
__ptext30                  text30       00265E
__ptext31                  text31       00228E
__ptext32                  text32       00276C
__ptext33                  text33       002796
__ptext34                  text34       0026B4
__ptext35                  text35       002782
__ptext4                   text4        0026FA
__ptext5                   text5        00221E
__ptext6                   text6        0026D8
__ptext7                   text7        00271A
__ptext8                   text8        0023C0
__ptext9                   text9        00273A
__ramtop                   ramtop       000E00
__smallconst               smallconst   000E00
_abs                       text20       002542
_atoi                      text23       001ADC
_daylight_save             text1        0020C8
_dbuf                      bssBANK1     000100
_dtoa                      text14       001674
_dtoa$1920                 cstackCOMRAM 00002F
_flags                     bssCOMRAM    00005B
_fputc                     text18       001E78
_fputs                     text17       0024FE
_isdigit                   text25       0025BC
_isspace                   text24       002464
_isspace$1969              cstackCOMRAM 000008
_main                      text0        000E26
_nout                      bssBANK0     0000F5
_pad                       text15       002006
_prec                      bssBANK0     0000F9
_putch                     text19       0027A2
_sprintf                   text11       002412
_strlen                    text16       0025F4
_vfpfcnvrt                 text13       001302
_vfprintf                  text12       0022F6
_width                     bssBANK0     0000F7
abs@a                      cstackCOMRAM 000014
atoi@n                     cstackCOMRAM 000011
atoi@neg                   cstackCOMRAM 00000F
atoi@s                     cstackCOMRAM 000009
btemp                      temp         00005D
daylight_save@BST          cstackCOMRAM 00000C
daylight_save@da_h         cstackCOMRAM 000010
daylight_save@da_s         cstackCOMRAM 00000F
daylight_save@du_h         cstackCOMRAM 00000E
daylight_save@du_s         cstackCOMRAM 00000D
daylight_save@h            cstackCOMRAM 00000B
daylight_save@offset_s     cstackCOMRAM 000012
daylight_save@s            cstackCOMRAM 00000A
daylight_save@sol_noon     cstackCOMRAM 000011
dtoa@d                     cstackCOMRAM 00001F
dtoa@fp                    cstackCOMRAM 00001D
dtoa@i                     cstackCOMRAM 00003F
dtoa@n                     cstackCOMRAM 000037
dtoa@p                     cstackCOMRAM 000031
dtoa@s                     cstackCOMRAM 000035
dtoa@w                     cstackCOMRAM 000033
end_of_initialization      cinit        0024F4
fputc@c                    cstackCOMRAM 000002
fputc@fp                   cstackCOMRAM 000004
fputs@c                    cstackCOMRAM 00000F
fputs@fp                   cstackCOMRAM 00000D
fputs@i                    cstackCOMRAM 000010
fputs@s                    cstackCOMRAM 00000B
int$flags                  temp         00005D
intlevel0                  text         000000
intlevel1                  text         000000
intlevel2                  text         000000
intlevel3                  text         000000
isa$std                    (abs)        000001
isa$xinst                  (abs)        000000
isdigit@c                  cstackCOMRAM 000002
isspace@c                  cstackCOMRAM 000002
main@F14271                dataBANK0    0000DD
main@dBST                  cstackBANK0  0000D6
main@dd                    cstackBANK0  0000DB
main@dh                    cstackBANK0  0000DA
main@dim                   cstackBANK0  0000B6
main@dm                    cstackBANK0  0000DC
main@dmin                  cstackBANK0  0000D5
main@dname                 cstackBANK0  0000D9
main@ds                    cstackBANK0  0000D4
main@dy                    cstackBANK0  0000D7
main@hour_length           cstackBANK0  0000D0
main@hours_in_day          cstackBANK0  0000D2
main@min_length            cstackBANK0  0000CE
pad@buf                    cstackCOMRAM 000014
pad@fp                     cstackCOMRAM 000012
pad@i                      cstackCOMRAM 000019
pad@p                      cstackCOMRAM 000016
pad@w                      cstackCOMRAM 00001B
sprintf@ap                 cstackBANK0  00006E
sprintf@f                  cstackBANK0  000070
sprintf@fmt                cstackBANK0  000064
sprintf@s                  cstackBANK0  000062
stackhi                    (abs)        000000
stacklo                    (abs)        000000
start                      init         000046
start_initialization       cinit        0024B6
strlen@a                   cstackCOMRAM 000004
strlen@s                   cstackCOMRAM 000002
ttemp5                     temp         00005E
ttemp6                     temp         000061
ttemp7                     temp         000065
vfpfcnvrt@ap               cstackCOMRAM 000045
vfpfcnvrt@done             cstackCOMRAM 000053
vfpfcnvrt@fmt              cstackCOMRAM 000043
vfpfcnvrt@fp               cstackCOMRAM 000041
vfpfcnvrt@ll               cstackCOMRAM 00004B
vfprintf@ap                cstackCOMRAM 000059
vfprintf@cfmt              cstackBANK0  000060
vfprintf@fmt               cstackCOMRAM 000057
vfprintf@fp                cstackCOMRAM 000055
wtemp8                     temp         00005E


MODULE INFORMATION

Module		Function		Class		Link	Load	Size
C:\Program Files\Microchip\xc8\v2.35\pic\sources\c99\common\putch.c
		_putch         		CODE           	27A2	0000	2

C:\Program Files\Microchip\xc8\v2.35\pic\sources\c99\common\putch.c estimated size: 2

C:\Program Files\Microchip\xc8\v2.35\pic\sources\c99\common\atoi.c
		_atoi          		CODE           	1ADC	0000	362

C:\Program Files\Microchip\xc8\v2.35\pic\sources\c99\common\atoi.c estimated size: 362

LDR.c
		_LDR_val       		CODE           	271A	0000	32
		_LDR_init      		CODE           	273A	0000	26
		_LDR_thres     		CODE           	23C0	0000	82

LDR.c estimated size: 140

C:\Program Files\Microchip\xc8\v2.35\pic\sources\c99\common\aodiv.c
		___aodiv       		CODE           	1954	0000	392

C:\Program Files\Microchip\xc8\v2.35\pic\sources\c99\common\aodiv.c estimated size: 392

interrupts.c
		_Interrupts_init		CODE           	2796	0000	12
		_HighISR       		CODE           	0008	0000	62

interrupts.c estimated size: 74

C:\Program Files\Microchip\xc8\v2.35\pic\sources\c99\common\nf_sprintf.c
		_sprintf       		CODE           	2412	0000	82

C:\Program Files\Microchip\xc8\v2.35\pic\sources\c99\common\nf_sprintf.c estimated size: 82

timer.c
		_Timer0_init   		CODE           	26FA	0000	32

timer.c estimated size: 32

LEDarray.c
		_LEDarray_disp_bin		CODE           	221E	0000	112
		_LED_init      		CODE           	26D8	0000	34

LEDarray.c estimated size: 146

comparator.c
		_DAC_init      		CODE           	2782	0000	20
		_Comp1_init    		CODE           	26B4	0000	36

comparator.c estimated size: 56

calender.c
		_daylight_save 		CODE           	20C8	0000	192

calender.c estimated size: 192

C:\Program Files\Microchip\xc8\v2.35\pic\sources\c99\common\nf_fputc.c
		_fputc         		CODE           	1E78	0000	202

C:\Program Files\Microchip\xc8\v2.35\pic\sources\c99\common\nf_fputc.c estimated size: 202

C:\Program Files\Microchip\xc8\v2.35\pic\sources\c99\common\awdiv.c
		___awdiv       		CODE           	1F42	0000	196

C:\Program Files\Microchip\xc8\v2.35\pic\sources\c99\common\awdiv.c estimated size: 196

C:\Program Files\Microchip\xc8\v2.35\pic\sources\c99\common\Umul16.c
		___wmul        		CODE           	268E	0000	38

C:\Program Files\Microchip\xc8\v2.35\pic\sources\c99\common\Umul16.c estimated size: 38

C:\Program Files\Microchip\xc8\v2.35\pic\sources\c99\common\isspace.c
		_isspace       		CODE           	2464	0000	82

C:\Program Files\Microchip\xc8\v2.35\pic\sources\c99\common\isspace.c estimated size: 82

C:\Program Files\Microchip\xc8\v2.35\pic\sources\c99\common\abs.c
		_abs           		CODE           	2542	0000	64

C:\Program Files\Microchip\xc8\v2.35\pic\sources\c99\common\abs.c estimated size: 64

C:\Program Files\Microchip\xc8\v2.35\pic\sources\c99\common\isdigit.c
		_isdigit       		CODE           	25BC	0000	56

C:\Program Files\Microchip\xc8\v2.35\pic\sources\c99\common\isdigit.c estimated size: 56

shared
		__initialization		CODE           	24B6	0000	62

shared estimated size: 62

C:\Program Files\Microchip\xc8\v2.35\pic\sources\c99\common\strlen.c
		_strlen        		CODE           	25F4	0000	54

C:\Program Files\Microchip\xc8\v2.35\pic\sources\c99\common\strlen.c estimated size: 54

C:\Program Files\Microchip\xc8\v2.35\pic\sources\c99\common\aomod.c
		___aomod       		CODE           	1C46	0000	356

C:\Program Files\Microchip\xc8\v2.35\pic\sources\c99\common\aomod.c estimated size: 356

C:\Program Files\Microchip\xc8\v2.35\pic\sources\c99\common\nf_fputs.c
		_fputs         		CODE           	24FE	0000	68

C:\Program Files\Microchip\xc8\v2.35\pic\sources\c99\common\nf_fputs.c estimated size: 68

main.c
		_main          		CODE           	0E26	0000	1244

main.c estimated size: 1244

C:\Program Files\Microchip\xc8\v2.35\pic\sources\c99\common\lwmod.c
		___lwmod       		CODE           	235C	0000	100

C:\Program Files\Microchip\xc8\v2.35\pic\sources\c99\common\lwmod.c estimated size: 100

LCD.c
		_LCD_Init      		CODE           	2188	0000	150
		_LCD_sendbyte  		CODE           	265E	0000	48
		_LCD_E_TOG     		CODE           	276C	0000	22
		_LCD_setline   		CODE           	2582	0000	58
		_LCD_setlines  		CODE           	1DAA	0000	206
		_LCD_sendnibble		CODE           	228E	0000	104
		_LCD_sendstring		CODE           	262A	0000	52

LCD.c estimated size: 640

C:\Program Files\Microchip\xc8\v2.35\pic\sources\c99\common\doprnt.c
		_vfpfcnvrt     		CODE           	1302	0000	882
		_pad           		CODE           	2006	0000	194
		_dtoa          		CODE           	1674	0000	736
		_vfprintf      		CODE           	22F6	0000	102

C:\Program Files\Microchip\xc8\v2.35\pic\sources\c99\common\doprnt.c estimated size: 1914

